2020-03-02 22:12:53,189 - DEBUG - 123
2020-03-02 22:14:36,652  - 123
03/02/2020 22:17:11 - (message)s - DEBUG - 123
03/02/2020 22:17:42 PM- (message)s - DEBUG - 123
03/02/2020 22:18:03 PM  - DEBUG - 123
